mode: set
github.com/mahmoudk1000/azdo-runner-operator/api/v1/runnerpool_types.go:162.13,164.2 1 0
github.com/mahmoudk1000/azdo-runner-operator/api/v1/zz_generated.deepcopy.go:29.61,31.2 1 0
github.com/mahmoudk1000/azdo-runner-operator/api/v1/zz_generated.deepcopy.go:34.54,35.15 1 0
github.com/mahmoudk1000/azdo-runner-operator/api/v1/zz_generated.deepcopy.go:35.15,37.3 1 0
github.com/mahmoudk1000/azdo-runner-operator/api/v1/zz_generated.deepcopy.go:38.2,40.12 3 0
github.com/mahmoudk1000/azdo-runner-operator/api/v1/zz_generated.deepcopy.go:44.63,46.2 1 0
github.com/mahmoudk1000/azdo-runner-operator/api/v1/zz_generated.deepcopy.go:49.56,50.15 1 0
github.com/mahmoudk1000/azdo-runner-operator/api/v1/zz_generated.deepcopy.go:50.15,52.3 1 0
github.com/mahmoudk1000/azdo-runner-operator/api/v1/zz_generated.deepcopy.go:53.2,55.12 3 0
github.com/mahmoudk1000/azdo-runner-operator/api/v1/zz_generated.deepcopy.go:59.49,61.21 2 0
github.com/mahmoudk1000/azdo-runner-operator/api/v1/zz_generated.deepcopy.go:61.21,65.3 3 0
github.com/mahmoudk1000/azdo-runner-operator/api/v1/zz_generated.deepcopy.go:66.2,66.25 1 0
github.com/mahmoudk1000/azdo-runner-operator/api/v1/zz_generated.deepcopy.go:66.25,70.3 3 0
github.com/mahmoudk1000/azdo-runner-operator/api/v1/zz_generated.deepcopy.go:74.42,75.15 1 0
github.com/mahmoudk1000/azdo-runner-operator/api/v1/zz_generated.deepcopy.go:75.15,77.3 1 0
github.com/mahmoudk1000/azdo-runner-operator/api/v1/zz_generated.deepcopy.go:78.2,80.12 3 0
github.com/mahmoudk1000/azdo-runner-operator/api/v1/zz_generated.deepcopy.go:84.67,86.2 1 0
github.com/mahmoudk1000/azdo-runner-operator/api/v1/zz_generated.deepcopy.go:89.60,90.15 1 0
github.com/mahmoudk1000/azdo-runner-operator/api/v1/zz_generated.deepcopy.go:90.15,92.3 1 0
github.com/mahmoudk1000/azdo-runner-operator/api/v1/zz_generated.deepcopy.go:93.2,95.12 3 0
github.com/mahmoudk1000/azdo-runner-operator/api/v1/zz_generated.deepcopy.go:99.53,105.2 5 0
github.com/mahmoudk1000/azdo-runner-operator/api/v1/zz_generated.deepcopy.go:108.46,109.15 1 0
github.com/mahmoudk1000/azdo-runner-operator/api/v1/zz_generated.deepcopy.go:109.15,111.3 1 0
github.com/mahmoudk1000/azdo-runner-operator/api/v1/zz_generated.deepcopy.go:112.2,114.12 3 0
github.com/mahmoudk1000/azdo-runner-operator/api/v1/zz_generated.deepcopy.go:118.55,119.34 1 0
github.com/mahmoudk1000/azdo-runner-operator/api/v1/zz_generated.deepcopy.go:119.34,121.3 1 0
github.com/mahmoudk1000/azdo-runner-operator/api/v1/zz_generated.deepcopy.go:122.2,122.12 1 0
github.com/mahmoudk1000/azdo-runner-operator/api/v1/zz_generated.deepcopy.go:126.61,130.21 4 0
github.com/mahmoudk1000/azdo-runner-operator/api/v1/zz_generated.deepcopy.go:130.21,133.22 3 0
github.com/mahmoudk1000/azdo-runner-operator/api/v1/zz_generated.deepcopy.go:133.22,135.4 1 0
github.com/mahmoudk1000/azdo-runner-operator/api/v1/zz_generated.deepcopy.go:140.54,141.15 1 0
github.com/mahmoudk1000/azdo-runner-operator/api/v1/zz_generated.deepcopy.go:141.15,143.3 1 0
github.com/mahmoudk1000/azdo-runner-operator/api/v1/zz_generated.deepcopy.go:144.2,146.12 3 0
github.com/mahmoudk1000/azdo-runner-operator/api/v1/zz_generated.deepcopy.go:150.59,151.34 1 0
github.com/mahmoudk1000/azdo-runner-operator/api/v1/zz_generated.deepcopy.go:151.34,153.3 1 0
github.com/mahmoudk1000/azdo-runner-operator/api/v1/zz_generated.deepcopy.go:154.2,154.12 1 0
github.com/mahmoudk1000/azdo-runner-operator/api/v1/zz_generated.deepcopy.go:158.61,160.28 2 0
github.com/mahmoudk1000/azdo-runner-operator/api/v1/zz_generated.deepcopy.go:160.28,163.29 3 0
github.com/mahmoudk1000/azdo-runner-operator/api/v1/zz_generated.deepcopy.go:163.29,165.4 1 0
github.com/mahmoudk1000/azdo-runner-operator/api/v1/zz_generated.deepcopy.go:167.2,167.32 1 0
github.com/mahmoudk1000/azdo-runner-operator/api/v1/zz_generated.deepcopy.go:167.32,170.29 3 0
github.com/mahmoudk1000/azdo-runner-operator/api/v1/zz_generated.deepcopy.go:170.29,172.4 1 0
github.com/mahmoudk1000/azdo-runner-operator/api/v1/zz_generated.deepcopy.go:174.2,176.32 3 0
github.com/mahmoudk1000/azdo-runner-operator/api/v1/zz_generated.deepcopy.go:176.32,180.3 3 0
github.com/mahmoudk1000/azdo-runner-operator/api/v1/zz_generated.deepcopy.go:181.2,181.24 1 0
github.com/mahmoudk1000/azdo-runner-operator/api/v1/zz_generated.deepcopy.go:181.24,184.22 3 0
github.com/mahmoudk1000/azdo-runner-operator/api/v1/zz_generated.deepcopy.go:184.22,186.4 1 0
github.com/mahmoudk1000/azdo-runner-operator/api/v1/zz_generated.deepcopy.go:188.2,188.23 1 0
github.com/mahmoudk1000/azdo-runner-operator/api/v1/zz_generated.deepcopy.go:188.23,192.3 3 0
github.com/mahmoudk1000/azdo-runner-operator/api/v1/zz_generated.deepcopy.go:196.54,197.15 1 0
github.com/mahmoudk1000/azdo-runner-operator/api/v1/zz_generated.deepcopy.go:197.15,199.3 1 0
github.com/mahmoudk1000/azdo-runner-operator/api/v1/zz_generated.deepcopy.go:200.2,202.12 3 0
github.com/mahmoudk1000/azdo-runner-operator/api/v1/zz_generated.deepcopy.go:206.65,208.26 2 0
github.com/mahmoudk1000/azdo-runner-operator/api/v1/zz_generated.deepcopy.go:208.26,211.22 3 0
github.com/mahmoudk1000/azdo-runner-operator/api/v1/zz_generated.deepcopy.go:211.22,213.4 1 0
github.com/mahmoudk1000/azdo-runner-operator/api/v1/zz_generated.deepcopy.go:215.2,216.31 2 0
github.com/mahmoudk1000/azdo-runner-operator/api/v1/zz_generated.deepcopy.go:216.31,219.29 3 0
github.com/mahmoudk1000/azdo-runner-operator/api/v1/zz_generated.deepcopy.go:219.29,221.4 1 0
github.com/mahmoudk1000/azdo-runner-operator/api/v1/zz_generated.deepcopy.go:226.58,227.15 1 0
github.com/mahmoudk1000/azdo-runner-operator/api/v1/zz_generated.deepcopy.go:227.15,229.3 1 0
github.com/mahmoudk1000/azdo-runner-operator/api/v1/zz_generated.deepcopy.go:230.2,232.12 3 0
github.com/mahmoudk1000/azdo-runner-operator/api/v1/zz_generated.deepcopy.go:236.57,238.2 1 0
github.com/mahmoudk1000/azdo-runner-operator/api/v1/zz_generated.deepcopy.go:241.50,242.15 1 0
github.com/mahmoudk1000/azdo-runner-operator/api/v1/zz_generated.deepcopy.go:242.15,244.3 1 0
github.com/mahmoudk1000/azdo-runner-operator/api/v1/zz_generated.deepcopy.go:245.2,247.12 3 0
github.com/mahmoudk1000/azdo-runner-operator/api/v1/zz_generated.deepcopy.go:251.63,253.2 1 0
github.com/mahmoudk1000/azdo-runner-operator/api/v1/zz_generated.deepcopy.go:256.56,257.15 1 0
github.com/mahmoudk1000/azdo-runner-operator/api/v1/zz_generated.deepcopy.go:257.15,259.3 1 0
github.com/mahmoudk1000/azdo-runner-operator/api/v1/zz_generated.deepcopy.go:260.2,262.12 3 0
github.com/mahmoudk1000/azdo-runner-operator/api/v1/zz_generated.deepcopy.go:266.55,268.2 1 0
github.com/mahmoudk1000/azdo-runner-operator/api/v1/zz_generated.deepcopy.go:271.48,272.15 1 0
github.com/mahmoudk1000/azdo-runner-operator/api/v1/zz_generated.deepcopy.go:272.15,274.3 1 0
github.com/mahmoudk1000/azdo-runner-operator/api/v1/zz_generated.deepcopy.go:275.2,277.12 3 0
github.com/mahmoudk1000/azdo-runner-operator/api/v1/zz_generated.deepcopy.go:281.63,283.28 2 0
github.com/mahmoudk1000/azdo-runner-operator/api/v1/zz_generated.deepcopy.go:283.28,287.3 3 0
github.com/mahmoudk1000/azdo-runner-operator/api/v1/zz_generated.deepcopy.go:288.2,288.31 1 0
github.com/mahmoudk1000/azdo-runner-operator/api/v1/zz_generated.deepcopy.go:288.31,292.3 3 0
github.com/mahmoudk1000/azdo-runner-operator/api/v1/zz_generated.deepcopy.go:296.56,297.15 1 0
github.com/mahmoudk1000/azdo-runner-operator/api/v1/zz_generated.deepcopy.go:297.15,299.3 1 0
github.com/mahmoudk1000/azdo-runner-operator/api/v1/zz_generated.deepcopy.go:300.2,302.12 3 0
github.com/mahmoudk1000/azdo-runner-operator/internal/webhook/v1/runnerpool_webhook.go:28.64,33.2 1 0
github.com/mahmoudk1000/azdo-runner-operator/internal/webhook/v1/runnerpool_webhook.go:45.92,47.9 2 0
github.com/mahmoudk1000/azdo-runner-operator/internal/webhook/v1/runnerpool_webhook.go:47.9,49.3 1 0
github.com/mahmoudk1000/azdo-runner-operator/internal/webhook/v1/runnerpool_webhook.go:50.2,53.43 2 0
github.com/mahmoudk1000/azdo-runner-operator/internal/webhook/v1/runnerpool_webhook.go:53.43,55.3 1 0
github.com/mahmoudk1000/azdo-runner-operator/internal/webhook/v1/runnerpool_webhook.go:58.2,58.36 1 0
github.com/mahmoudk1000/azdo-runner-operator/internal/webhook/v1/runnerpool_webhook.go:58.36,60.3 1 0
github.com/mahmoudk1000/azdo-runner-operator/internal/webhook/v1/runnerpool_webhook.go:63.2,63.36 1 0
github.com/mahmoudk1000/azdo-runner-operator/internal/webhook/v1/runnerpool_webhook.go:63.36,65.3 1 0
github.com/mahmoudk1000/azdo-runner-operator/internal/webhook/v1/runnerpool_webhook.go:68.2,68.52 1 0
github.com/mahmoudk1000/azdo-runner-operator/internal/webhook/v1/runnerpool_webhook.go:68.52,70.3 1 0
github.com/mahmoudk1000/azdo-runner-operator/internal/webhook/v1/runnerpool_webhook.go:71.2,71.53 1 0
github.com/mahmoudk1000/azdo-runner-operator/internal/webhook/v1/runnerpool_webhook.go:71.53,73.3 1 0
github.com/mahmoudk1000/azdo-runner-operator/internal/webhook/v1/runnerpool_webhook.go:76.2,76.41 1 0
github.com/mahmoudk1000/azdo-runner-operator/internal/webhook/v1/runnerpool_webhook.go:76.41,78.3 1 0
github.com/mahmoudk1000/azdo-runner-operator/internal/webhook/v1/runnerpool_webhook.go:80.2,80.12 1 0
github.com/mahmoudk1000/azdo-runner-operator/internal/webhook/v1/runnerpool_webhook.go:96.31,98.9 2 0
github.com/mahmoudk1000/azdo-runner-operator/internal/webhook/v1/runnerpool_webhook.go:98.9,100.3 1 0
github.com/mahmoudk1000/azdo-runner-operator/internal/webhook/v1/runnerpool_webhook.go:101.2,103.35 2 0
github.com/mahmoudk1000/azdo-runner-operator/internal/webhook/v1/runnerpool_webhook.go:110.31,112.9 2 0
github.com/mahmoudk1000/azdo-runner-operator/internal/webhook/v1/runnerpool_webhook.go:112.9,114.3 1 0
github.com/mahmoudk1000/azdo-runner-operator/internal/webhook/v1/runnerpool_webhook.go:115.2,116.9 2 0
github.com/mahmoudk1000/azdo-runner-operator/internal/webhook/v1/runnerpool_webhook.go:116.9,118.3 1 0
github.com/mahmoudk1000/azdo-runner-operator/internal/webhook/v1/runnerpool_webhook.go:119.2,122.16 3 0
github.com/mahmoudk1000/azdo-runner-operator/internal/webhook/v1/runnerpool_webhook.go:122.16,124.3 1 0
github.com/mahmoudk1000/azdo-runner-operator/internal/webhook/v1/runnerpool_webhook.go:127.2,127.45 1 0
github.com/mahmoudk1000/azdo-runner-operator/internal/webhook/v1/runnerpool_webhook.go:127.45,129.3 1 0
github.com/mahmoudk1000/azdo-runner-operator/internal/webhook/v1/runnerpool_webhook.go:130.2,130.43 1 0
github.com/mahmoudk1000/azdo-runner-operator/internal/webhook/v1/runnerpool_webhook.go:130.43,132.3 1 0
github.com/mahmoudk1000/azdo-runner-operator/internal/webhook/v1/runnerpool_webhook.go:133.2,133.61 1 0
github.com/mahmoudk1000/azdo-runner-operator/internal/webhook/v1/runnerpool_webhook.go:133.61,135.3 1 0
github.com/mahmoudk1000/azdo-runner-operator/internal/webhook/v1/runnerpool_webhook.go:137.2,137.17 1 0
github.com/mahmoudk1000/azdo-runner-operator/internal/webhook/v1/runnerpool_webhook.go:144.31,146.9 2 0
github.com/mahmoudk1000/azdo-runner-operator/internal/webhook/v1/runnerpool_webhook.go:146.9,148.3 1 0
github.com/mahmoudk1000/azdo-runner-operator/internal/webhook/v1/runnerpool_webhook.go:149.2,150.17 2 0
github.com/mahmoudk1000/azdo-runner-operator/internal/webhook/v1/runnerpool_webhook.go:154.101,159.25 3 0
github.com/mahmoudk1000/azdo-runner-operator/internal/webhook/v1/runnerpool_webhook.go:159.25,161.17 2 0
github.com/mahmoudk1000/azdo-runner-operator/internal/webhook/v1/runnerpool_webhook.go:161.17,163.4 1 0
github.com/mahmoudk1000/azdo-runner-operator/internal/webhook/v1/runnerpool_webhook.go:163.9,163.41 1 0
github.com/mahmoudk1000/azdo-runner-operator/internal/webhook/v1/runnerpool_webhook.go:163.41,165.4 1 0
github.com/mahmoudk1000/azdo-runner-operator/internal/webhook/v1/runnerpool_webhook.go:165.9,165.34 1 0
github.com/mahmoudk1000/azdo-runner-operator/internal/webhook/v1/runnerpool_webhook.go:165.34,167.4 1 0
github.com/mahmoudk1000/azdo-runner-operator/internal/webhook/v1/runnerpool_webhook.go:171.2,171.43 1 0
github.com/mahmoudk1000/azdo-runner-operator/internal/webhook/v1/runnerpool_webhook.go:171.43,173.3 1 0
github.com/mahmoudk1000/azdo-runner-operator/internal/webhook/v1/runnerpool_webhook.go:176.2,176.52 1 0
github.com/mahmoudk1000/azdo-runner-operator/internal/webhook/v1/runnerpool_webhook.go:176.52,178.3 1 0
github.com/mahmoudk1000/azdo-runner-operator/internal/webhook/v1/runnerpool_webhook.go:181.2,181.44 1 0
github.com/mahmoudk1000/azdo-runner-operator/internal/webhook/v1/runnerpool_webhook.go:181.44,183.3 1 0
github.com/mahmoudk1000/azdo-runner-operator/internal/webhook/v1/runnerpool_webhook.go:186.2,186.27 1 0
github.com/mahmoudk1000/azdo-runner-operator/internal/webhook/v1/runnerpool_webhook.go:186.27,188.3 1 0
github.com/mahmoudk1000/azdo-runner-operator/internal/webhook/v1/runnerpool_webhook.go:189.2,189.27 1 0
github.com/mahmoudk1000/azdo-runner-operator/internal/webhook/v1/runnerpool_webhook.go:189.27,191.3 1 0
github.com/mahmoudk1000/azdo-runner-operator/internal/webhook/v1/runnerpool_webhook.go:192.2,192.43 1 0
github.com/mahmoudk1000/azdo-runner-operator/internal/webhook/v1/runnerpool_webhook.go:192.43,195.3 1 0
github.com/mahmoudk1000/azdo-runner-operator/internal/webhook/v1/runnerpool_webhook.go:198.2,198.39 1 0
github.com/mahmoudk1000/azdo-runner-operator/internal/webhook/v1/runnerpool_webhook.go:198.39,199.40 1 0
github.com/mahmoudk1000/azdo-runner-operator/internal/webhook/v1/runnerpool_webhook.go:199.40,201.4 1 0
github.com/mahmoudk1000/azdo-runner-operator/internal/webhook/v1/runnerpool_webhook.go:202.3,202.47 1 0
github.com/mahmoudk1000/azdo-runner-operator/internal/webhook/v1/runnerpool_webhook.go:202.47,204.4 1 0
github.com/mahmoudk1000/azdo-runner-operator/internal/webhook/v1/runnerpool_webhook.go:207.2,207.22 1 0
github.com/mahmoudk1000/azdo-runner-operator/internal/webhook/v1/runnerpool_webhook.go:207.22,209.3 1 0
github.com/mahmoudk1000/azdo-runner-operator/internal/webhook/v1/runnerpool_webhook.go:211.2,211.22 1 0
github.com/mahmoudk1000/azdo-runner-operator/internal/runners/runner.go:28.50,32.2 1 0
github.com/mahmoudk1000/azdo-runner-operator/internal/runners/runner.go:47.24,51.16 3 0
github.com/mahmoudk1000/azdo-runner-operator/internal/runners/runner.go:51.16,53.3 1 0
github.com/mahmoudk1000/azdo-runner-operator/internal/runners/runner.go:54.2,54.17 1 0
github.com/mahmoudk1000/azdo-runner-operator/internal/runners/runner.go:58.79,61.16 3 0
github.com/mahmoudk1000/azdo-runner-operator/internal/runners/runner.go:61.16,62.40 1 0
github.com/mahmoudk1000/azdo-runner-operator/internal/runners/runner.go:62.40,64.4 1 0
github.com/mahmoudk1000/azdo-runner-operator/internal/runners/runner.go:65.3,65.13 1 0
github.com/mahmoudk1000/azdo-runner-operator/internal/runners/runner.go:68.2,69.16 2 0
github.com/mahmoudk1000/azdo-runner-operator/internal/runners/runner.go:69.16,71.3 1 0
github.com/mahmoudk1000/azdo-runner-operator/internal/runners/runner.go:72.2,72.12 1 0
github.com/mahmoudk1000/azdo-runner-operator/internal/runners/runner.go:79.25,85.16 3 0
github.com/mahmoudk1000/azdo-runner-operator/internal/runners/runner.go:85.16,87.3 1 0
github.com/mahmoudk1000/azdo-runner-operator/internal/runners/runner.go:88.2,88.27 1 0
github.com/mahmoudk1000/azdo-runner-operator/internal/runners/runner.go:95.25,97.16 2 0
github.com/mahmoudk1000/azdo-runner-operator/internal/runners/runner.go:97.16,99.3 1 0
github.com/mahmoudk1000/azdo-runner-operator/internal/runners/runner.go:101.2,102.30 2 0
github.com/mahmoudk1000/azdo-runner-operator/internal/runners/runner.go:102.30,103.85 1 0
github.com/mahmoudk1000/azdo-runner-operator/internal/runners/runner.go:103.85,105.4 1 0
github.com/mahmoudk1000/azdo-runner-operator/internal/runners/runner.go:107.2,107.20 1 0
github.com/mahmoudk1000/azdo-runner-operator/internal/runners/runner.go:114.25,116.16 2 0
github.com/mahmoudk1000/azdo-runner-operator/internal/runners/runner.go:116.16,118.3 1 0
github.com/mahmoudk1000/azdo-runner-operator/internal/runners/runner.go:120.2,121.30 2 0
github.com/mahmoudk1000/azdo-runner-operator/internal/runners/runner.go:121.30,122.61 1 0
github.com/mahmoudk1000/azdo-runner-operator/internal/runners/runner.go:122.61,124.4 1 0
github.com/mahmoudk1000/azdo-runner-operator/internal/runners/runner.go:126.2,126.21 1 0
github.com/mahmoudk1000/azdo-runner-operator/internal/runners/runner.go:133.16,135.16 2 0
github.com/mahmoudk1000/azdo-runner-operator/internal/runners/runner.go:135.16,137.3 1 0
github.com/mahmoudk1000/azdo-runner-operator/internal/runners/runner.go:139.2,140.30 2 0
github.com/mahmoudk1000/azdo-runner-operator/internal/runners/runner.go:140.30,141.24 1 0
github.com/mahmoudk1000/azdo-runner-operator/internal/runners/runner.go:141.24,142.51 1 0
github.com/mahmoudk1000/azdo-runner-operator/internal/runners/runner.go:142.51,143.53 1 0
github.com/mahmoudk1000/azdo-runner-operator/internal/runners/runner.go:143.53,145.6 1 0
github.com/mahmoudk1000/azdo-runner-operator/internal/runners/runner.go:151.2,152.16 2 0
github.com/mahmoudk1000/azdo-runner-operator/internal/runners/runner.go:152.16,154.3 1 0
github.com/mahmoudk1000/azdo-runner-operator/internal/runners/runner.go:155.2,155.17 1 0
github.com/mahmoudk1000/azdo-runner-operator/internal/runners/runner.go:162.9,164.99 2 0
github.com/mahmoudk1000/azdo-runner-operator/internal/runners/runner.go:164.99,166.3 1 0
github.com/mahmoudk1000/azdo-runner-operator/internal/runners/runner.go:168.2,168.23 1 0
github.com/mahmoudk1000/azdo-runner-operator/internal/runners/runner.go:168.23,170.3 1 0
github.com/mahmoudk1000/azdo-runner-operator/internal/runners/runner.go:172.2,174.50 2 0
github.com/mahmoudk1000/azdo-runner-operator/internal/runners/runner.go:174.50,176.3 1 0
github.com/mahmoudk1000/azdo-runner-operator/internal/runners/runner.go:177.2,177.12 1 0
github.com/mahmoudk1000/azdo-runner-operator/internal/runners/runner.go:187.15,196.22 3 0
github.com/mahmoudk1000/azdo-runner-operator/internal/runners/runner.go:196.22,198.3 1 0
github.com/mahmoudk1000/azdo-runner-operator/internal/runners/runner.go:201.2,202.25 2 0
github.com/mahmoudk1000/azdo-runner-operator/internal/runners/runner.go:202.25,204.3 1 0
github.com/mahmoudk1000/azdo-runner-operator/internal/runners/runner.go:207.2,213.50 4 0
github.com/mahmoudk1000/azdo-runner-operator/internal/runners/runner.go:213.50,217.3 3 0
github.com/mahmoudk1000/azdo-runner-operator/internal/runners/runner.go:220.2,220.56 1 0
github.com/mahmoudk1000/azdo-runner-operator/internal/runners/runner.go:220.56,224.3 3 0
github.com/mahmoudk1000/azdo-runner-operator/internal/runners/runner.go:226.2,245.51 3 0
github.com/mahmoudk1000/azdo-runner-operator/internal/runners/runner.go:245.51,253.3 1 0
github.com/mahmoudk1000/azdo-runner-operator/internal/runners/runner.go:256.2,258.12 2 0
github.com/mahmoudk1000/azdo-runner-operator/internal/runners/runner.go:268.20,279.27 3 0
github.com/mahmoudk1000/azdo-runner-operator/internal/runners/runner.go:279.27,282.47 2 0
github.com/mahmoudk1000/azdo-runner-operator/internal/runners/runner.go:282.47,284.4 1 0
github.com/mahmoudk1000/azdo-runner-operator/internal/runners/runner.go:285.3,286.24 2 0
github.com/mahmoudk1000/azdo-runner-operator/internal/runners/runner.go:287.8,290.3 1 0
github.com/mahmoudk1000/azdo-runner-operator/internal/runners/runner.go:292.2,292.18 1 0
github.com/mahmoudk1000/azdo-runner-operator/internal/runners/runner.go:298.128,330.40 2 0
github.com/mahmoudk1000/azdo-runner-operator/internal/runners/runner.go:330.40,335.3 1 0
github.com/mahmoudk1000/azdo-runner-operator/internal/runners/runner.go:338.2,338.49 1 0
github.com/mahmoudk1000/azdo-runner-operator/internal/runners/runner.go:338.49,342.25 2 0
github.com/mahmoudk1000/azdo-runner-operator/internal/runners/runner.go:342.25,344.4 1 0
github.com/mahmoudk1000/azdo-runner-operator/internal/runners/runner.go:345.3,345.29 1 0
github.com/mahmoudk1000/azdo-runner-operator/internal/runners/runner.go:345.29,346.43 1 0
github.com/mahmoudk1000/azdo-runner-operator/internal/runners/runner.go:346.43,355.5 1 0
github.com/mahmoudk1000/azdo-runner-operator/internal/runners/runner.go:355.10,355.53 1 0
github.com/mahmoudk1000/azdo-runner-operator/internal/runners/runner.go:355.53,364.5 1 0
github.com/mahmoudk1000/azdo-runner-operator/internal/runners/runner.go:366.3,366.30 1 0
github.com/mahmoudk1000/azdo-runner-operator/internal/runners/runner.go:369.2,369.13 1 0
github.com/mahmoudk1000/azdo-runner-operator/internal/runners/runner.go:373.103,377.2 1 0
github.com/mahmoudk1000/azdo-runner-operator/internal/runners/runner.go:380.120,389.29 3 0
github.com/mahmoudk1000/azdo-runner-operator/internal/runners/runner.go:389.29,394.3 1 0
github.com/mahmoudk1000/azdo-runner-operator/internal/runners/runner.go:394.8,394.31 1 0
github.com/mahmoudk1000/azdo-runner-operator/internal/runners/runner.go:394.31,398.17 2 0
github.com/mahmoudk1000/azdo-runner-operator/internal/runners/runner.go:398.17,403.4 2 0
github.com/mahmoudk1000/azdo-runner-operator/internal/runners/runner.go:403.9,406.4 1 0
github.com/mahmoudk1000/azdo-runner-operator/internal/runners/runner.go:407.8,410.3 1 0
github.com/mahmoudk1000/azdo-runner-operator/internal/runners/runner.go:412.2,412.28 1 0
github.com/mahmoudk1000/azdo-runner-operator/internal/runners/runner.go:416.122,432.2 4 0
github.com/mahmoudk1000/azdo-runner-operator/internal/runners/runner.go:435.84,441.36 1 0
github.com/mahmoudk1000/azdo-runner-operator/internal/runners/runner.go:441.36,441.60 2 0
github.com/mahmoudk1000/azdo-runner-operator/internal/runners/runner.go:442.36,442.60 2 0
github.com/mahmoudk1000/azdo-runner-operator/internal/runners/runner.go:444.2,444.56 1 0
github.com/mahmoudk1000/azdo-runner-operator/internal/devops/agent.go:10.94,14.16 2 0
github.com/mahmoudk1000/azdo-runner-operator/internal/devops/agent.go:14.16,16.3 1 0
github.com/mahmoudk1000/azdo-runner-operator/internal/devops/agent.go:18.2,18.20 1 0
github.com/mahmoudk1000/azdo-runner-operator/internal/devops/agent.go:21.99,26.16 2 0
github.com/mahmoudk1000/azdo-runner-operator/internal/devops/agent.go:26.16,28.3 1 0
github.com/mahmoudk1000/azdo-runner-operator/internal/devops/agent.go:30.2,30.19 1 0
github.com/mahmoudk1000/azdo-runner-operator/internal/devops/agent.go:33.78,39.16 2 0
github.com/mahmoudk1000/azdo-runner-operator/internal/devops/agent.go:39.16,46.3 1 0
github.com/mahmoudk1000/azdo-runner-operator/internal/devops/agent.go:48.2,48.12 1 0
github.com/mahmoudk1000/azdo-runner-operator/internal/devops/agent.go:51.95,55.16 2 0
github.com/mahmoudk1000/azdo-runner-operator/internal/devops/agent.go:55.16,57.3 1 0
github.com/mahmoudk1000/azdo-runner-operator/internal/devops/agent.go:59.2,60.28 2 0
github.com/mahmoudk1000/azdo-runner-operator/internal/devops/agent.go:60.28,61.42 1 0
github.com/mahmoudk1000/azdo-runner-operator/internal/devops/agent.go:61.42,62.27 1 0
github.com/mahmoudk1000/azdo-runner-operator/internal/devops/agent.go:62.27,64.5 1 0
github.com/mahmoudk1000/azdo-runner-operator/internal/devops/agent.go:68.2,68.25 1 0
github.com/mahmoudk1000/azdo-runner-operator/internal/devops/client.go:18.78,23.16 4 0
github.com/mahmoudk1000/azdo-runner-operator/internal/devops/client.go:23.16,25.3 1 0
github.com/mahmoudk1000/azdo-runner-operator/internal/devops/client.go:27.2,32.8 1 0
github.com/mahmoudk1000/azdo-runner-operator/internal/devops/client.go:35.26,37.2 1 0
github.com/mahmoudk1000/azdo-runner-operator/internal/devops/job.go:21.45,25.16 2 0
github.com/mahmoudk1000/azdo-runner-operator/internal/devops/job.go:25.16,27.3 1 0
github.com/mahmoudk1000/azdo-runner-operator/internal/devops/job.go:28.2,28.18 1 0
github.com/mahmoudk1000/azdo-runner-operator/internal/devops/job.go:31.83,42.16 3 0
github.com/mahmoudk1000/azdo-runner-operator/internal/devops/job.go:42.16,44.3 1 0
github.com/mahmoudk1000/azdo-runner-operator/internal/devops/job.go:46.2,47.16 2 0
github.com/mahmoudk1000/azdo-runner-operator/internal/devops/job.go:47.16,49.3 1 0
github.com/mahmoudk1000/azdo-runner-operator/internal/devops/job.go:51.2,53.16 3 0
github.com/mahmoudk1000/azdo-runner-operator/internal/devops/job.go:53.16,55.3 1 0
github.com/mahmoudk1000/azdo-runner-operator/internal/devops/job.go:56.2,56.25 1 0
github.com/mahmoudk1000/azdo-runner-operator/internal/devops/job.go:63.45,67.16 2 0
github.com/mahmoudk1000/azdo-runner-operator/internal/devops/job.go:67.16,69.3 1 0
github.com/mahmoudk1000/azdo-runner-operator/internal/devops/job.go:71.2,72.32 2 0
github.com/mahmoudk1000/azdo-runner-operator/internal/devops/job.go:72.32,73.39 1 0
github.com/mahmoudk1000/azdo-runner-operator/internal/devops/job.go:73.39,74.28 1 0
github.com/mahmoudk1000/azdo-runner-operator/internal/devops/job.go:74.28,76.10 2 0
github.com/mahmoudk1000/azdo-runner-operator/internal/devops/job.go:81.2,81.22 1 0
github.com/mahmoudk1000/azdo-runner-operator/internal/devops/job.go:87.45,88.24 1 0
github.com/mahmoudk1000/azdo-runner-operator/internal/devops/job.go:88.24,90.3 1 0
github.com/mahmoudk1000/azdo-runner-operator/internal/devops/job.go:92.2,99.16 2 0
github.com/mahmoudk1000/azdo-runner-operator/internal/devops/job.go:99.16,101.3 1 0
github.com/mahmoudk1000/azdo-runner-operator/internal/devops/job.go:103.2,104.16 2 0
github.com/mahmoudk1000/azdo-runner-operator/internal/devops/job.go:104.16,106.3 1 0
github.com/mahmoudk1000/azdo-runner-operator/internal/devops/job.go:108.2,110.28 3 0
github.com/mahmoudk1000/azdo-runner-operator/internal/devops/job.go:118.27,122.16 2 0
github.com/mahmoudk1000/azdo-runner-operator/internal/devops/job.go:122.16,124.3 1 0
github.com/mahmoudk1000/azdo-runner-operator/internal/devops/job.go:126.2,127.17 2 0
github.com/mahmoudk1000/azdo-runner-operator/internal/devops/job.go:127.17,129.3 1 0
github.com/mahmoudk1000/azdo-runner-operator/internal/devops/job.go:131.2,131.28 1 0
github.com/mahmoudk1000/azdo-runner-operator/internal/devops/job.go:131.28,132.25 1 0
github.com/mahmoudk1000/azdo-runner-operator/internal/devops/job.go:132.25,133.12 1 0
github.com/mahmoudk1000/azdo-runner-operator/internal/devops/job.go:135.3,135.39 1 0
github.com/mahmoudk1000/azdo-runner-operator/internal/devops/job.go:135.39,139.11 2 0
github.com/mahmoudk1000/azdo-runner-operator/internal/devops/job.go:139.11,140.13 1 0
github.com/mahmoudk1000/azdo-runner-operator/internal/devops/job.go:142.4,143.23 2 0
github.com/mahmoudk1000/azdo-runner-operator/internal/devops/job.go:143.23,144.13 1 0
github.com/mahmoudk1000/azdo-runner-operator/internal/devops/job.go:146.4,148.45 2 0
github.com/mahmoudk1000/azdo-runner-operator/internal/devops/job.go:148.45,150.5 1 0
github.com/mahmoudk1000/azdo-runner-operator/internal/devops/job.go:154.2,154.21 1 0
github.com/mahmoudk1000/azdo-runner-operator/internal/devops/job.go:159.42,162.2 2 0
github.com/mahmoudk1000/azdo-runner-operator/internal/devops/polling.go:21.56,25.2 1 0
github.com/mahmoudk1000/azdo-runner-operator/internal/devops/polling.go:44.90,49.16 3 0
github.com/mahmoudk1000/azdo-runner-operator/internal/devops/polling.go:49.16,51.3 1 0
github.com/mahmoudk1000/azdo-runner-operator/internal/devops/polling.go:52.2,52.20 1 0
github.com/mahmoudk1000/azdo-runner-operator/internal/devops/polling.go:52.20,54.3 1 0
github.com/mahmoudk1000/azdo-runner-operator/internal/devops/polling.go:56.2,60.16 3 0
github.com/mahmoudk1000/azdo-runner-operator/internal/devops/polling.go:60.16,64.3 2 0
github.com/mahmoudk1000/azdo-runner-operator/internal/devops/polling.go:67.2,68.16 2 0
github.com/mahmoudk1000/azdo-runner-operator/internal/devops/polling.go:68.16,72.3 2 0
github.com/mahmoudk1000/azdo-runner-operator/internal/devops/polling.go:75.2,76.16 2 0
github.com/mahmoudk1000/azdo-runner-operator/internal/devops/polling.go:76.16,82.3 1 0
github.com/mahmoudk1000/azdo-runner-operator/internal/devops/polling.go:84.2,89.38 5 0
github.com/mahmoudk1000/azdo-runner-operator/internal/devops/polling.go:89.38,91.3 1 0
github.com/mahmoudk1000/azdo-runner-operator/internal/devops/polling.go:93.2,117.20 3 0
github.com/mahmoudk1000/azdo-runner-operator/internal/devops/pool.go:10.98,14.16 2 0
github.com/mahmoudk1000/azdo-runner-operator/internal/devops/pool.go:14.16,16.3 1 0
github.com/mahmoudk1000/azdo-runner-operator/internal/devops/pool.go:18.2,18.26 1 0
github.com/mahmoudk1000/azdo-runner-operator/internal/devops/pool.go:21.97,26.16 2 0
github.com/mahmoudk1000/azdo-runner-operator/internal/devops/pool.go:26.16,28.3 1 0
github.com/mahmoudk1000/azdo-runner-operator/internal/devops/pool.go:30.2,30.18 1 0
github.com/mahmoudk1000/azdo-runner-operator/internal/controller/runnerpool_controller.go:50.24,58.16 5 0
github.com/mahmoudk1000/azdo-runner-operator/internal/controller/runnerpool_controller.go:58.16,59.29 1 0
github.com/mahmoudk1000/azdo-runner-operator/internal/controller/runnerpool_controller.go:59.29,62.4 2 0
github.com/mahmoudk1000/azdo-runner-operator/internal/controller/runnerpool_controller.go:63.3,64.28 2 0
github.com/mahmoudk1000/azdo-runner-operator/internal/controller/runnerpool_controller.go:68.2,69.16 2 0
github.com/mahmoudk1000/azdo-runner-operator/internal/controller/runnerpool_controller.go:69.16,73.72 4 0
github.com/mahmoudk1000/azdo-runner-operator/internal/controller/runnerpool_controller.go:73.72,75.4 1 0
github.com/mahmoudk1000/azdo-runner-operator/internal/controller/runnerpool_controller.go:76.3,76.58 1 0
github.com/mahmoudk1000/azdo-runner-operator/internal/controller/runnerpool_controller.go:80.2,81.16 2 0
github.com/mahmoudk1000/azdo-runner-operator/internal/controller/runnerpool_controller.go:81.16,85.72 4 0
github.com/mahmoudk1000/azdo-runner-operator/internal/controller/runnerpool_controller.go:85.72,87.4 1 0
github.com/mahmoudk1000/azdo-runner-operator/internal/controller/runnerpool_controller.go:88.3,88.58 1 0
github.com/mahmoudk1000/azdo-runner-operator/internal/controller/runnerpool_controller.go:90.2,95.71 5 0
github.com/mahmoudk1000/azdo-runner-operator/internal/controller/runnerpool_controller.go:95.71,97.3 1 0
github.com/mahmoudk1000/azdo-runner-operator/internal/controller/runnerpool_controller.go:100.2,100.44 1 0
github.com/mahmoudk1000/azdo-runner-operator/internal/controller/runnerpool_controller.go:100.44,102.85 2 0
github.com/mahmoudk1000/azdo-runner-operator/internal/controller/runnerpool_controller.go:102.85,105.4 2 0
github.com/mahmoudk1000/azdo-runner-operator/internal/controller/runnerpool_controller.go:107.3,107.60 1 0
github.com/mahmoudk1000/azdo-runner-operator/internal/controller/runnerpool_controller.go:107.60,108.64 1 0
github.com/mahmoudk1000/azdo-runner-operator/internal/controller/runnerpool_controller.go:108.64,111.5 2 0
github.com/mahmoudk1000/azdo-runner-operator/internal/controller/runnerpool_controller.go:113.3,114.28 2 0
github.com/mahmoudk1000/azdo-runner-operator/internal/controller/runnerpool_controller.go:118.2,118.62 1 0
github.com/mahmoudk1000/azdo-runner-operator/internal/controller/runnerpool_controller.go:118.62,119.58 1 0
github.com/mahmoudk1000/azdo-runner-operator/internal/controller/runnerpool_controller.go:119.58,121.4 1 0
github.com/mahmoudk1000/azdo-runner-operator/internal/controller/runnerpool_controller.go:122.3,122.63 1 0
github.com/mahmoudk1000/azdo-runner-operator/internal/controller/runnerpool_controller.go:122.63,125.4 2 0
github.com/mahmoudk1000/azdo-runner-operator/internal/controller/runnerpool_controller.go:126.3,128.28 2 0
github.com/mahmoudk1000/azdo-runner-operator/internal/controller/runnerpool_controller.go:132.2,134.16 3 0
github.com/mahmoudk1000/azdo-runner-operator/internal/controller/runnerpool_controller.go:134.16,138.72 4 0
github.com/mahmoudk1000/azdo-runner-operator/internal/controller/runnerpool_controller.go:138.72,140.4 1 0
github.com/mahmoudk1000/azdo-runner-operator/internal/controller/runnerpool_controller.go:141.3,141.58 1 0
github.com/mahmoudk1000/azdo-runner-operator/internal/controller/runnerpool_controller.go:145.2,155.71 7 0
github.com/mahmoudk1000/azdo-runner-operator/internal/controller/runnerpool_controller.go:155.71,157.3 1 0
github.com/mahmoudk1000/azdo-runner-operator/internal/controller/runnerpool_controller.go:158.2,166.71 2 0
github.com/mahmoudk1000/azdo-runner-operator/internal/controller/runnerpool_controller.go:166.71,169.72 3 0
github.com/mahmoudk1000/azdo-runner-operator/internal/controller/runnerpool_controller.go:169.72,171.4 1 0
github.com/mahmoudk1000/azdo-runner-operator/internal/controller/runnerpool_controller.go:173.3,173.58 1 0
github.com/mahmoudk1000/azdo-runner-operator/internal/controller/runnerpool_controller.go:177.2,177.57 1 0
github.com/mahmoudk1000/azdo-runner-operator/internal/controller/runnerpool_controller.go:186.9,191.16 3 0
github.com/mahmoudk1000/azdo-runner-operator/internal/controller/runnerpool_controller.go:191.16,194.3 1 0
github.com/mahmoudk1000/azdo-runner-operator/internal/controller/runnerpool_controller.go:194.8,194.27 1 0
github.com/mahmoudk1000/azdo-runner-operator/internal/controller/runnerpool_controller.go:194.27,197.17 2 0
github.com/mahmoudk1000/azdo-runner-operator/internal/controller/runnerpool_controller.go:197.17,199.4 1 0
github.com/mahmoudk1000/azdo-runner-operator/internal/controller/runnerpool_controller.go:199.9,200.30 1 0
github.com/mahmoudk1000/azdo-runner-operator/internal/controller/runnerpool_controller.go:200.30,201.68 1 0
github.com/mahmoudk1000/azdo-runner-operator/internal/controller/runnerpool_controller.go:201.68,202.81 1 0
github.com/mahmoudk1000/azdo-runner-operator/internal/controller/runnerpool_controller.go:202.81,204.7 1 0
github.com/mahmoudk1000/azdo-runner-operator/internal/controller/runnerpool_controller.go:211.2,212.16 2 0
github.com/mahmoudk1000/azdo-runner-operator/internal/controller/runnerpool_controller.go:212.16,214.3 1 0
github.com/mahmoudk1000/azdo-runner-operator/internal/controller/runnerpool_controller.go:216.2,216.30 1 0
github.com/mahmoudk1000/azdo-runner-operator/internal/controller/runnerpool_controller.go:216.30,217.80 1 0
github.com/mahmoudk1000/azdo-runner-operator/internal/controller/runnerpool_controller.go:217.80,219.4 1 0
github.com/mahmoudk1000/azdo-runner-operator/internal/controller/runnerpool_controller.go:219.9,221.4 1 0
github.com/mahmoudk1000/azdo-runner-operator/internal/controller/runnerpool_controller.go:224.2,224.12 1 0
github.com/mahmoudk1000/azdo-runner-operator/internal/controller/runnerpool_controller.go:235.9,239.16 3 0
github.com/mahmoudk1000/azdo-runner-operator/internal/controller/runnerpool_controller.go:239.16,241.3 1 0
github.com/mahmoudk1000/azdo-runner-operator/internal/controller/runnerpool_controller.go:243.2,247.82 3 0
github.com/mahmoudk1000/azdo-runner-operator/internal/controller/runnerpool_controller.go:247.82,252.3 2 0
github.com/mahmoudk1000/azdo-runner-operator/internal/controller/runnerpool_controller.go:255.2,256.89 2 0
github.com/mahmoudk1000/azdo-runner-operator/internal/controller/runnerpool_controller.go:268.9,273.33 3 0
github.com/mahmoudk1000/azdo-runner-operator/internal/controller/runnerpool_controller.go:273.33,274.46 1 0
github.com/mahmoudk1000/azdo-runner-operator/internal/controller/runnerpool_controller.go:274.46,276.4 1 0
github.com/mahmoudk1000/azdo-runner-operator/internal/controller/runnerpool_controller.go:279.2,284.66 4 0
github.com/mahmoudk1000/azdo-runner-operator/internal/controller/runnerpool_controller.go:284.66,292.18 5 0
github.com/mahmoudk1000/azdo-runner-operator/internal/controller/runnerpool_controller.go:292.18,294.4 1 0
github.com/mahmoudk1000/azdo-runner-operator/internal/controller/runnerpool_controller.go:296.3,297.23 2 0
github.com/mahmoudk1000/azdo-runner-operator/internal/controller/runnerpool_controller.go:297.23,299.4 1 0
github.com/mahmoudk1000/azdo-runner-operator/internal/controller/runnerpool_controller.go:302.3,303.80 2 0
github.com/mahmoudk1000/azdo-runner-operator/internal/controller/runnerpool_controller.go:303.80,304.23 1 0
github.com/mahmoudk1000/azdo-runner-operator/internal/controller/runnerpool_controller.go:304.23,305.10 1 0
github.com/mahmoudk1000/azdo-runner-operator/internal/controller/runnerpool_controller.go:307.4,307.43 1 0
github.com/mahmoudk1000/azdo-runner-operator/internal/controller/runnerpool_controller.go:309.3,311.36 2 0
github.com/mahmoudk1000/azdo-runner-operator/internal/controller/runnerpool_controller.go:311.36,314.19 3 0
github.com/mahmoudk1000/azdo-runner-operator/internal/controller/runnerpool_controller.go:314.19,316.5 1 0
github.com/mahmoudk1000/azdo-runner-operator/internal/controller/runnerpool_controller.go:319.3,327.43 2 0
github.com/mahmoudk1000/azdo-runner-operator/internal/controller/runnerpool_controller.go:327.43,329.18 2 0
github.com/mahmoudk1000/azdo-runner-operator/internal/controller/runnerpool_controller.go:329.18,331.5 1 0
github.com/mahmoudk1000/azdo-runner-operator/internal/controller/runnerpool_controller.go:332.4,334.18 2 0
github.com/mahmoudk1000/azdo-runner-operator/internal/controller/runnerpool_controller.go:334.18,336.5 1 0
github.com/mahmoudk1000/azdo-runner-operator/internal/controller/runnerpool_controller.go:337.4,340.23 2 0
github.com/mahmoudk1000/azdo-runner-operator/internal/controller/runnerpool_controller.go:344.3,344.43 1 0
github.com/mahmoudk1000/azdo-runner-operator/internal/controller/runnerpool_controller.go:344.43,346.35 1 0
github.com/mahmoudk1000/azdo-runner-operator/internal/controller/runnerpool_controller.go:346.35,347.44 1 0
github.com/mahmoudk1000/azdo-runner-operator/internal/controller/runnerpool_controller.go:347.44,352.87 3 0
github.com/mahmoudk1000/azdo-runner-operator/internal/controller/runnerpool_controller.go:352.87,354.7 1 0
github.com/mahmoudk1000/azdo-runner-operator/internal/controller/runnerpool_controller.go:355.6,356.11 2 0
github.com/mahmoudk1000/azdo-runner-operator/internal/controller/runnerpool_controller.go:363.2,364.37 2 0
github.com/mahmoudk1000/azdo-runner-operator/internal/controller/runnerpool_controller.go:364.37,366.3 1 0
github.com/mahmoudk1000/azdo-runner-operator/internal/controller/runnerpool_controller.go:367.2,369.30 2 0
github.com/mahmoudk1000/azdo-runner-operator/internal/controller/runnerpool_controller.go:369.30,372.31 3 0
github.com/mahmoudk1000/azdo-runner-operator/internal/controller/runnerpool_controller.go:372.31,374.18 2 0
github.com/mahmoudk1000/azdo-runner-operator/internal/controller/runnerpool_controller.go:374.18,376.5 1 0
github.com/mahmoudk1000/azdo-runner-operator/internal/controller/runnerpool_controller.go:377.4,377.72 1 0
github.com/mahmoudk1000/azdo-runner-operator/internal/controller/runnerpool_controller.go:381.2,381.42 1 0
github.com/mahmoudk1000/azdo-runner-operator/internal/controller/runnerpool_controller.go:381.42,386.3 1 0
github.com/mahmoudk1000/azdo-runner-operator/internal/controller/runnerpool_controller.go:388.2,388.12 1 0
github.com/mahmoudk1000/azdo-runner-operator/internal/controller/runnerpool_controller.go:398.9,409.64 8 0
github.com/mahmoudk1000/azdo-runner-operator/internal/controller/runnerpool_controller.go:409.64,411.3 1 0
github.com/mahmoudk1000/azdo-runner-operator/internal/controller/runnerpool_controller.go:413.2,421.52 2 0
github.com/mahmoudk1000/azdo-runner-operator/internal/controller/runnerpool_controller.go:421.52,424.79 3 0
github.com/mahmoudk1000/azdo-runner-operator/internal/controller/runnerpool_controller.go:424.79,426.53 1 0
github.com/mahmoudk1000/azdo-runner-operator/internal/controller/runnerpool_controller.go:426.53,428.10 2 0
github.com/mahmoudk1000/azdo-runner-operator/internal/controller/runnerpool_controller.go:432.3,438.17 3 0
github.com/mahmoudk1000/azdo-runner-operator/internal/controller/runnerpool_controller.go:438.17,440.4 1 0
github.com/mahmoudk1000/azdo-runner-operator/internal/controller/runnerpool_controller.go:441.3,441.51 1 0
github.com/mahmoudk1000/azdo-runner-operator/internal/controller/runnerpool_controller.go:445.2,445.52 1 0
github.com/mahmoudk1000/azdo-runner-operator/internal/controller/runnerpool_controller.go:445.52,446.21 1 0
github.com/mahmoudk1000/azdo-runner-operator/internal/controller/runnerpool_controller.go:446.21,449.85 3 0
github.com/mahmoudk1000/azdo-runner-operator/internal/controller/runnerpool_controller.go:449.85,451.5 1 0
github.com/mahmoudk1000/azdo-runner-operator/internal/controller/runnerpool_controller.go:455.2,455.12 1 0
github.com/mahmoudk1000/azdo-runner-operator/internal/controller/runnerpool_controller.go:459.58,461.19 2 0
github.com/mahmoudk1000/azdo-runner-operator/internal/controller/runnerpool_controller.go:461.19,463.3 1 0
github.com/mahmoudk1000/azdo-runner-operator/internal/controller/runnerpool_controller.go:464.2,465.14 2 0
github.com/mahmoudk1000/azdo-runner-operator/internal/controller/runnerpool_controller.go:469.141,479.38 2 0
github.com/mahmoudk1000/azdo-runner-operator/internal/controller/runnerpool_controller.go:479.38,480.33 1 0
github.com/mahmoudk1000/azdo-runner-operator/internal/controller/runnerpool_controller.go:480.33,481.31 1 0
github.com/mahmoudk1000/azdo-runner-operator/internal/controller/runnerpool_controller.go:481.31,483.5 1 0
github.com/mahmoudk1000/azdo-runner-operator/internal/controller/runnerpool_controller.go:484.4,484.10 1 0
github.com/mahmoudk1000/azdo-runner-operator/internal/controller/runnerpool_controller.go:487.2,487.53 1 0
github.com/mahmoudk1000/azdo-runner-operator/internal/controller/runnerpool_controller.go:494.19,501.55 3 0
github.com/mahmoudk1000/azdo-runner-operator/internal/controller/runnerpool_controller.go:501.55,503.3 1 0
github.com/mahmoudk1000/azdo-runner-operator/internal/controller/runnerpool_controller.go:505.2,506.9 2 0
github.com/mahmoudk1000/azdo-runner-operator/internal/controller/runnerpool_controller.go:506.9,508.3 1 0
github.com/mahmoudk1000/azdo-runner-operator/internal/controller/runnerpool_controller.go:510.2,510.27 1 0
github.com/mahmoudk1000/azdo-runner-operator/internal/controller/runnerpool_controller.go:514.73,519.2 1 0
github.com/mahmoudk1000/azdo-runner-operator/cmd/kara/main.go:32.13,37.2 2 0
github.com/mahmoudk1000/azdo-runner-operator/cmd/kara/main.go:40.13,119.38 24 0
github.com/mahmoudk1000/azdo-runner-operator/cmd/kara/main.go:119.38,122.3 2 0
github.com/mahmoudk1000/azdo-runner-operator/cmd/kara/main.go:124.2,124.18 1 0
github.com/mahmoudk1000/azdo-runner-operator/cmd/kara/main.go:124.18,126.3 1 0
github.com/mahmoudk1000/azdo-runner-operator/cmd/kara/main.go:129.2,134.30 3 0
github.com/mahmoudk1000/azdo-runner-operator/cmd/kara/main.go:134.30,150.17 4 0
github.com/mahmoudk1000/azdo-runner-operator/cmd/kara/main.go:150.17,153.4 2 0
github.com/mahmoudk1000/azdo-runner-operator/cmd/kara/main.go:155.3,155.68 1 0
github.com/mahmoudk1000/azdo-runner-operator/cmd/kara/main.go:155.68,157.4 1 0
github.com/mahmoudk1000/azdo-runner-operator/cmd/kara/main.go:160.2,174.19 3 0
github.com/mahmoudk1000/azdo-runner-operator/cmd/kara/main.go:174.19,180.3 1 0
github.com/mahmoudk1000/azdo-runner-operator/cmd/kara/main.go:190.2,190.30 1 0
github.com/mahmoudk1000/azdo-runner-operator/cmd/kara/main.go:190.30,206.17 4 0
github.com/mahmoudk1000/azdo-runner-operator/cmd/kara/main.go:206.17,209.4 2 0
github.com/mahmoudk1000/azdo-runner-operator/cmd/kara/main.go:211.3,213.29 1 0
github.com/mahmoudk1000/azdo-runner-operator/cmd/kara/main.go:213.29,215.5 1 0
github.com/mahmoudk1000/azdo-runner-operator/cmd/kara/main.go:219.2,238.16 2 0
github.com/mahmoudk1000/azdo-runner-operator/cmd/kara/main.go:238.16,241.3 2 0
github.com/mahmoudk1000/azdo-runner-operator/cmd/kara/main.go:244.2,251.39 2 0
github.com/mahmoudk1000/azdo-runner-operator/cmd/kara/main.go:251.39,254.3 2 0
github.com/mahmoudk1000/azdo-runner-operator/cmd/kara/main.go:256.2,256.45 1 0
github.com/mahmoudk1000/azdo-runner-operator/cmd/kara/main.go:256.45,257.77 1 0
github.com/mahmoudk1000/azdo-runner-operator/cmd/kara/main.go:257.77,260.4 2 0
github.com/mahmoudk1000/azdo-runner-operator/cmd/kara/main.go:264.2,264.31 1 0
github.com/mahmoudk1000/azdo-runner-operator/cmd/kara/main.go:264.31,266.53 2 0
github.com/mahmoudk1000/azdo-runner-operator/cmd/kara/main.go:266.53,269.4 2 0
github.com/mahmoudk1000/azdo-runner-operator/cmd/kara/main.go:272.2,272.31 1 0
github.com/mahmoudk1000/azdo-runner-operator/cmd/kara/main.go:272.31,274.53 2 0
github.com/mahmoudk1000/azdo-runner-operator/cmd/kara/main.go:274.53,277.4 2 0
github.com/mahmoudk1000/azdo-runner-operator/cmd/kara/main.go:280.2,280.69 1 0
github.com/mahmoudk1000/azdo-runner-operator/cmd/kara/main.go:280.69,283.3 2 0
github.com/mahmoudk1000/azdo-runner-operator/cmd/kara/main.go:284.2,284.67 1 0
github.com/mahmoudk1000/azdo-runner-operator/cmd/kara/main.go:284.67,287.3 2 0
github.com/mahmoudk1000/azdo-runner-operator/cmd/kara/main.go:289.2,290.61 2 0
github.com/mahmoudk1000/azdo-runner-operator/cmd/kara/main.go:290.61,293.3 2 0
github.com/mahmoudk1000/azdo-runner-operator/test/utils/utils.go:39.27,41.2 1 0
github.com/mahmoudk1000/azdo-runner-operator/test/utils/utils.go:44.41,48.42 3 0
github.com/mahmoudk1000/azdo-runner-operator/test/utils/utils.go:48.42,50.3 1 0
github.com/mahmoudk1000/azdo-runner-operator/test/utils/utils.go:52.2,56.16 5 0
github.com/mahmoudk1000/azdo-runner-operator/test/utils/utils.go:56.16,58.3 1 0
github.com/mahmoudk1000/azdo-runner-operator/test/utils/utils.go:60.2,60.28 1 0
github.com/mahmoudk1000/azdo-runner-operator/test/utils/utils.go:64.40,69.2 4 0
github.com/mahmoudk1000/azdo-runner-operator/test/utils/utils.go:72.36,75.36 3 0
github.com/mahmoudk1000/azdo-runner-operator/test/utils/utils.go:75.36,77.3 1 0
github.com/mahmoudk1000/azdo-runner-operator/test/utils/utils.go:82.39,92.16 4 0
github.com/mahmoudk1000/azdo-runner-operator/test/utils/utils.go:92.16,94.3 1 0
github.com/mahmoudk1000/azdo-runner-operator/test/utils/utils.go:95.2,96.37 2 0
github.com/mahmoudk1000/azdo-runner-operator/test/utils/utils.go:96.37,97.32 1 0
github.com/mahmoudk1000/azdo-runner-operator/test/utils/utils.go:97.32,98.35 1 0
github.com/mahmoudk1000/azdo-runner-operator/test/utils/utils.go:98.35,100.5 1 0
github.com/mahmoudk1000/azdo-runner-operator/test/utils/utils.go:104.2,104.14 1 0
github.com/mahmoudk1000/azdo-runner-operator/test/utils/utils.go:108.29,111.36 3 0
github.com/mahmoudk1000/azdo-runner-operator/test/utils/utils.go:111.36,113.3 1 0
github.com/mahmoudk1000/azdo-runner-operator/test/utils/utils.go:117.33,120.36 3 0
github.com/mahmoudk1000/azdo-runner-operator/test/utils/utils.go:120.36,122.3 1 0
github.com/mahmoudk1000/azdo-runner-operator/test/utils/utils.go:125.2,132.12 3 0
github.com/mahmoudk1000/azdo-runner-operator/test/utils/utils.go:137.40,151.16 4 0
github.com/mahmoudk1000/azdo-runner-operator/test/utils/utils.go:151.16,153.3 1 0
github.com/mahmoudk1000/azdo-runner-operator/test/utils/utils.go:156.2,157.38 2 0
github.com/mahmoudk1000/azdo-runner-operator/test/utils/utils.go:157.38,158.32 1 0
github.com/mahmoudk1000/azdo-runner-operator/test/utils/utils.go:158.32,159.35 1 0
github.com/mahmoudk1000/azdo-runner-operator/test/utils/utils.go:159.35,161.5 1 0
github.com/mahmoudk1000/azdo-runner-operator/test/utils/utils.go:165.2,165.14 1 0
github.com/mahmoudk1000/azdo-runner-operator/test/utils/utils.go:169.56,171.47 2 0
github.com/mahmoudk1000/azdo-runner-operator/test/utils/utils.go:171.47,173.3 1 0
github.com/mahmoudk1000/azdo-runner-operator/test/utils/utils.go:174.2,177.12 4 0
github.com/mahmoudk1000/azdo-runner-operator/test/utils/utils.go:182.47,185.35 3 0
github.com/mahmoudk1000/azdo-runner-operator/test/utils/utils.go:185.35,186.20 1 0
github.com/mahmoudk1000/azdo-runner-operator/test/utils/utils.go:186.20,188.4 1 0
github.com/mahmoudk1000/azdo-runner-operator/test/utils/utils.go:191.2,191.12 1 0
github.com/mahmoudk1000/azdo-runner-operator/test/utils/utils.go:195.38,197.16 2 0
github.com/mahmoudk1000/azdo-runner-operator/test/utils/utils.go:197.16,199.3 1 0
github.com/mahmoudk1000/azdo-runner-operator/test/utils/utils.go:200.2,201.16 2 0
github.com/mahmoudk1000/azdo-runner-operator/test/utils/utils.go:206.59,210.16 2 0
github.com/mahmoudk1000/azdo-runner-operator/test/utils/utils.go:210.16,212.3 1 0
github.com/mahmoudk1000/azdo-runner-operator/test/utils/utils.go:213.2,216.13 3 0
github.com/mahmoudk1000/azdo-runner-operator/test/utils/utils.go:216.13,218.3 1 0
github.com/mahmoudk1000/azdo-runner-operator/test/utils/utils.go:220.2,222.16 3 0
github.com/mahmoudk1000/azdo-runner-operator/test/utils/utils.go:222.16,224.3 1 0
github.com/mahmoudk1000/azdo-runner-operator/test/utils/utils.go:226.2,227.21 2 0
github.com/mahmoudk1000/azdo-runner-operator/test/utils/utils.go:227.21,229.3 1 0
github.com/mahmoudk1000/azdo-runner-operator/test/utils/utils.go:230.2,230.6 1 0
github.com/mahmoudk1000/azdo-runner-operator/test/utils/utils.go:230.6,232.17 2 0
github.com/mahmoudk1000/azdo-runner-operator/test/utils/utils.go:232.17,234.4 1 0
github.com/mahmoudk1000/azdo-runner-operator/test/utils/utils.go:236.3,236.22 1 0
github.com/mahmoudk1000/azdo-runner-operator/test/utils/utils.go:236.22,237.9 1 0
github.com/mahmoudk1000/azdo-runner-operator/test/utils/utils.go:239.3,239.50 1 0
github.com/mahmoudk1000/azdo-runner-operator/test/utils/utils.go:239.50,241.4 1 0
github.com/mahmoudk1000/azdo-runner-operator/test/utils/utils.go:244.2,245.16 2 0
github.com/mahmoudk1000/azdo-runner-operator/test/utils/utils.go:245.16,247.3 1 0
github.com/mahmoudk1000/azdo-runner-operator/test/utils/utils.go:250.2,250.50 1 0
